current directory: /home/runner/work/aquera-docs/aquera-docs/vendor/bundle/ruby/3.1.0/gems/json-2.19.4/ext/json/ext/parser
/opt/hostedtoolcache/Ruby/3.1.7/x64/bin/ruby -I /opt/hostedtoolcache/Ruby/3.1.7/x64/lib/ruby/3.1.0 extconf.rb
checking for rb_enc_interned_str() in ruby/encoding.h... yes
checking for rb_str_to_interned_str() in ruby.h... yes
checking for rb_hash_new_capa() in ruby.h... no
checking for rb_hash_bulk_insert() in ruby.h... yes
checking for RUBY_TYPED_EMBEDDABLE in ruby.h... no
checking for whether -std=c99 is accepted as CFLAGS... yes
checking for x86intrin.h... yes
checking for cpuid.h... yes
creating Makefile

current directory: /home/runner/work/aquera-docs/aquera-docs/vendor/bundle/ruby/3.1.0/gems/json-2.19.4/ext/json/ext/parser
make DESTDIR\= sitearchdir\=./.gem.20260428-2345-v3zngs sitelibdir\=./.gem.20260428-2345-v3zngs clean

current directory: /home/runner/work/aquera-docs/aquera-docs/vendor/bundle/ruby/3.1.0/gems/json-2.19.4/ext/json/ext/parser
make DESTDIR\= sitearchdir\=./.gem.20260428-2345-v3zngs sitelibdir\=./.gem.20260428-2345-v3zngs
compiling parser.c
linking shared-object json/ext/parser.so

current directory: /home/runner/work/aquera-docs/aquera-docs/vendor/bundle/ruby/3.1.0/gems/json-2.19.4/ext/json/ext/parser
make DESTDIR\= sitearchdir\=./.gem.20260428-2345-v3zngs sitelibdir\=./.gem.20260428-2345-v3zngs install
/usr/bin/install -c -m 0755 parser.so ./.gem.20260428-2345-v3zngs/json/ext
