current directory: /home/runner/work/aquera-docs/aquera-docs/vendor/bundle/ruby/3.1.0/gems/bigdecimal-4.1.2/ext/bigdecimal
/opt/hostedtoolcache/Ruby/3.1.7/x64/bin/ruby -I /opt/hostedtoolcache/Ruby/3.1.7/x64/lib/ruby/3.1.0 extconf.rb
checking for __builtin_clz()... yes
checking for __builtin_clzl()... yes
checking for __builtin_clzll()... yes
checking for float.h... yes
checking for math.h... yes
checking for stdbool.h... yes
checking for stdlib.h... yes
checking for x86intrin.h... yes
checking for _lzcnt_u32() in x86intrin.h... no
checking for _lzcnt_u64() in x86intrin.h... no
checking for intrin.h... no
checking for ruby/atomic.h... yes
checking for ruby/internal/has/builtin.h... yes
checking for ruby/internal/static_assert.h... yes
checking for rb_complex_real() in ruby.h... yes
checking for rb_complex_imag() in ruby.h... yes
checking for rb_opts_exception_p() in ruby.h... yes
checking for rb_category_warn() in ruby.h... yes
checking for RB_WARN_CATEGORY_DEPRECATED in ruby.h... yes
checking for RUBY_TYPED_EMBEDDABLE in ruby.h... no
creating Makefile

current directory: /home/runner/work/aquera-docs/aquera-docs/vendor/bundle/ruby/3.1.0/gems/bigdecimal-4.1.2/ext/bigdecimal
make DESTDIR\= sitearchdir\=./.gem.20260428-2345-ripqn4 sitelibdir\=./.gem.20260428-2345-ripqn4 clean

current directory: /home/runner/work/aquera-docs/aquera-docs/vendor/bundle/ruby/3.1.0/gems/bigdecimal-4.1.2/ext/bigdecimal
make DESTDIR\= sitearchdir\=./.gem.20260428-2345-ripqn4 sitelibdir\=./.gem.20260428-2345-ripqn4
compiling bigdecimal.c
compiling missing.c
linking shared-object bigdecimal.so

current directory: /home/runner/work/aquera-docs/aquera-docs/vendor/bundle/ruby/3.1.0/gems/bigdecimal-4.1.2/ext/bigdecimal
make DESTDIR\= sitearchdir\=./.gem.20260428-2345-ripqn4 sitelibdir\=./.gem.20260428-2345-ripqn4 install
/usr/bin/install -c -m 0755 bigdecimal.so ./.gem.20260428-2345-ripqn4
